// Jest Snapshot v1, https://goo.gl/fbAQLP

exports[`Main Page renders correctly 1`] = `
<div
  className="App"
>
  <header
    className="App-header"
    data-testid="header"
  >
    <img
      alt="logo"
      className="App-logo"
      src="logo.svg"
    />
    <h1
      className="App-title"
      data-testid="title"
    >
      Welcome to React
    </h1>
  </header>
  <p
    className="App-intro"
  >
    To get started, edit 
    <code>
      src/App.js
    </code>
     and save to reload.
    <span
      aria-hidden="true"
      className="icon icon-newspaper"
    />
  </p>
  <button
    className="MuiButtonBase-root-27 MuiButton-root-1 MuiButton-contained-12 MuiButton-containedPrimary-13 MuiButton-raised-15 MuiButton-raisedPrimary-16"
    disabled={false}
    onBlur={[Function]}
    onFocus={[Function]}
    onKeyDown={[Function]}
    onKeyUp={[Function]}
    onMouseDown={[Function]}
    onMouseLeave={[Function]}
    onMouseUp={[Function]}
    onTouchEnd={[Function]}
    onTouchMove={[Function]}
    onTouchStart={[Function]}
    tabIndex="0"
    type="button"
  >
    <span
      className="MuiButton-label-2"
    >
      Hello World
    </span>
    <span
      className="MuiTouchRipple-root-30"
    />
  </button>
</div>
`;
